kraken.engine.sanity.check.EngineSanityFunctionsTest.shouldExecuteFromMoneyFunctionAndFailAssertions=[
  {
    "CreditCardInfo:-1:cardCreditLimitAmount": {
      "contextFieldInfo": {
        "contextId": "-1",
        "contextName": "CreditCardInfo",
        "fieldName": "cardCreditLimitAmount",
        "fieldPath": "cardCreditLimitAmount"
      },
      "ruleResults": [
        {
          "ruleInfo": {
            "ruleName": "f-fromMoney-explicit-usage",
            "context": "CreditCardInfo",
            "targetPath": "cardCreditLimitAmount",
            "payloadType": "ASSERTION"
          },
          "payloadResult": {
            "success": false,
            "templateVariables": [],
            "rawTemplateVariables": [],
            "validationSeverity": "critical"
          },
          "conditionEvaluationResult": {
            "conditionEvaluation": "APPLICABLE"
          },
          "overrideInfo": {
            "isOverridable": false
          },
          "ruleEvaluationStatus": "APPLIED"
        }
      ]
    }
  }
]


kraken.engine.sanity.check.EngineSanityFunctionsTest.shouldExecuteFromMoneyFunctionAndPassAssertions=[
  {
    "CreditCardInfo:-1:cardCreditLimitAmount": {
      "contextFieldInfo": {
        "contextId": "-1",
        "contextName": "CreditCardInfo",
        "fieldName": "cardCreditLimitAmount",
        "fieldPath": "cardCreditLimitAmount"
      },
      "ruleResults": [
        {
          "ruleInfo": {
            "ruleName": "f-fromMoney-explicit-usage",
            "context": "CreditCardInfo",
            "targetPath": "cardCreditLimitAmount",
            "payloadType": "ASSERTION"
          },
          "payloadResult": {
            "success": true,
            "templateVariables": [],
            "rawTemplateVariables": [],
            "validationSeverity": "critical"
          },
          "conditionEvaluationResult": {
            "conditionEvaluation": "APPLICABLE"
          },
          "overrideInfo": {
            "isOverridable": false
          },
          "ruleEvaluationStatus": "APPLIED"
        }
      ]
    }
  }
]


kraken.engine.sanity.check.EngineSanityFunctionsTest.shouldExecuteFunctionAssertsOnPolicy=[
  {
    "Policy:-1:policyNumber": {
      "contextFieldInfo": {
        "contextId": "-1",
        "contextName": "Policy",
        "fieldName": "policyNumber",
        "fieldPath": "policyNumber"
      },
      "ruleResults": [
        {
          "ruleInfo": {
            "ruleName": "f-symmetricDifference-assert-policyNumber",
            "context": "Policy",
            "targetPath": "policyNumber",
            "payloadType": "ASSERTION"
          },
          "payloadResult": {
            "success": true,
            "templateVariables": [],
            "rawTemplateVariables": [],
            "validationSeverity": "critical"
          },
          "conditionEvaluationResult": {
            "conditionEvaluation": "APPLICABLE"
          },
          "overrideInfo": {
            "isOverridable": false
          },
          "ruleEvaluationStatus": "APPLIED"
        },
        {
          "ruleInfo": {
            "ruleName": "f-distinct-assert-policyNumber",
            "context": "Policy",
            "targetPath": "policyNumber",
            "payloadType": "ASSERTION"
          },
          "payloadResult": {
            "success": true,
            "templateVariables": [],
            "rawTemplateVariables": [],
            "validationSeverity": "critical"
          },
          "conditionEvaluationResult": {
            "conditionEvaluation": "APPLICABLE"
          },
          "overrideInfo": {
            "isOverridable": false
          },
          "ruleEvaluationStatus": "APPLIED"
        },
        {
          "ruleInfo": {
            "ruleName": "f-upper-case-assert-policyNumber",
            "context": "Policy",
            "targetPath": "policyNumber",
            "payloadType": "ASSERTION"
          },
          "payloadResult": {
            "success": true,
            "templateVariables": [],
            "rawTemplateVariables": [],
            "validationSeverity": "critical"
          },
          "conditionEvaluationResult": {
            "conditionEvaluation": "APPLICABLE"
          },
          "overrideInfo": {
            "isOverridable": false
          },
          "ruleEvaluationStatus": "APPLIED"
        },
        {
          "ruleInfo": {
            "ruleName": "f-includes-in-array-assert-policyNumber",
            "context": "Policy",
            "targetPath": "policyNumber",
            "payloadType": "ASSERTION"
          },
          "payloadResult": {
            "success": true,
            "templateVariables": [],
            "rawTemplateVariables": [],
            "validationSeverity": "critical"
          },
          "conditionEvaluationResult": {
            "conditionEvaluation": "APPLICABLE"
          },
          "overrideInfo": {
            "isOverridable": false
          },
          "ruleEvaluationStatus": "APPLIED"
        },
        {
          "ruleInfo": {
            "ruleName": "f-format-date-assert-policyNumber",
            "context": "Policy",
            "targetPath": "policyNumber",
            "payloadType": "ASSERTION"
          },
          "payloadResult": {
            "success": true,
            "templateVariables": [],
            "rawTemplateVariables": [],
            "validationSeverity": "critical"
          },
          "conditionEvaluationResult": {
            "conditionEvaluation": "APPLICABLE"
          },
          "overrideInfo": {
            "isOverridable": false
          },
          "ruleEvaluationStatus": "APPLIED"
        },
        {
          "ruleInfo": {
            "ruleName": "f-intersection-assert-policyNumber",
            "context": "Policy",
            "targetPath": "policyNumber",
            "payloadType": "ASSERTION"
          },
          "payloadResult": {
            "success": true,
            "templateVariables": [],
            "rawTemplateVariables": [],
            "validationSeverity": "critical"
          },
          "conditionEvaluationResult": {
            "conditionEvaluation": "APPLICABLE"
          },
          "overrideInfo": {
            "isOverridable": false
          },
          "ruleEvaluationStatus": "APPLIED"
        },
        {
          "ruleInfo": {
            "ruleName": "f-trim-assert-policyNumber",
            "context": "Policy",
            "targetPath": "policyNumber",
            "payloadType": "ASSERTION"
          },
          "payloadResult": {
            "success": true,
            "templateVariables": [],
            "rawTemplateVariables": [],
            "validationSeverity": "critical"
          },
          "conditionEvaluationResult": {
            "conditionEvaluation": "APPLICABLE"
          },
          "overrideInfo": {
            "isOverridable": false
          },
          "ruleEvaluationStatus": "APPLIED"
        },
        {
          "ruleInfo": {
            "ruleName": "f-pad-left-assert-policyNumber",
            "context": "Policy",
            "targetPath": "policyNumber",
            "payloadType": "ASSERTION"
          },
          "payloadResult": {
            "success": true,
            "templateVariables": [],
            "rawTemplateVariables": [],
            "validationSeverity": "critical"
          },
          "conditionEvaluationResult": {
            "conditionEvaluation": "APPLICABLE"
          },
          "overrideInfo": {
            "isOverridable": false
          },
          "ruleEvaluationStatus": "APPLIED"
        },
        {
          "ruleInfo": {
            "ruleName": "f-all-assert-policyNumber",
            "context": "Policy",
            "targetPath": "policyNumber",
            "payloadType": "ASSERTION"
          },
          "payloadResult": {
            "success": true,
            "templateVariables": [],
            "rawTemplateVariables": [],
            "validationSeverity": "critical"
          },
          "conditionEvaluationResult": {
            "conditionEvaluation": "APPLICABLE"
          },
          "overrideInfo": {
            "isOverridable": false
          },
          "ruleEvaluationStatus": "APPLIED"
        },
        {
          "ruleInfo": {
            "ruleName": "f-union-assert-policyNumber",
            "context": "Policy",
            "targetPath": "policyNumber",
            "payloadType": "ASSERTION"
          },
          "payloadResult": {
            "success": true,
            "templateVariables": [],
            "rawTemplateVariables": [],
            "validationSeverity": "critical"
          },
          "conditionEvaluationResult": {
            "conditionEvaluation": "APPLICABLE"
          },
          "overrideInfo": {
            "isOverridable": false
          },
          "ruleEvaluationStatus": "APPLIED"
        },
        {
          "ruleInfo": {
            "ruleName": "f-difference-assert-policyNumber",
            "context": "Policy",
            "targetPath": "policyNumber",
            "payloadType": "ASSERTION"
          },
          "payloadResult": {
            "success": true,
            "templateVariables": [],
            "rawTemplateVariables": [],
            "validationSeverity": "critical"
          },
          "conditionEvaluationResult": {
            "conditionEvaluation": "APPLICABLE"
          },
          "overrideInfo": {
            "isOverridable": false
          },
          "ruleEvaluationStatus": "APPLIED"
        },
        {
          "ruleInfo": {
            "ruleName": "f-concat-assert-policyNumber",
            "context": "Policy",
            "targetPath": "policyNumber",
            "payloadType": "ASSERTION"
          },
          "payloadResult": {
            "success": true,
            "templateVariables": [],
            "rawTemplateVariables": [],
            "validationSeverity": "critical"
          },
          "conditionEvaluationResult": {
            "conditionEvaluation": "APPLICABLE"
          },
          "overrideInfo": {
            "isOverridable": false
          },
          "ruleEvaluationStatus": "APPLIED"
        },
        {
          "ruleInfo": {
            "ruleName": "f-pad-right-assert-policyNumber",
            "context": "Policy",
            "targetPath": "policyNumber",
            "payloadType": "ASSERTION"
          },
          "payloadResult": {
            "success": true,
            "templateVariables": [],
            "rawTemplateVariables": [],
            "validationSeverity": "critical"
          },
          "conditionEvaluationResult": {
            "conditionEvaluation": "APPLICABLE"
          },
          "overrideInfo": {
            "isOverridable": false
          },
          "ruleEvaluationStatus": "APPLIED"
        },
        {
          "ruleInfo": {
            "ruleName": "f-money-to-string-assert-policyNumber",
            "context": "Policy",
            "targetPath": "policyNumber",
            "payloadType": "ASSERTION"
          },
          "payloadResult": {
            "success": true,
            "templateVariables": [],
            "rawTemplateVariables": [],
            "validationSeverity": "critical"
          },
          "conditionEvaluationResult": {
            "conditionEvaluation": "APPLICABLE"
          },
          "overrideInfo": {
            "isOverridable": false
          },
          "ruleEvaluationStatus": "APPLIED"
        },
        {
          "ruleInfo": {
            "ruleName": "f-join-assert-policyNumber",
            "context": "Policy",
            "targetPath": "policyNumber",
            "payloadType": "ASSERTION"
          },
          "payloadResult": {
            "success": true,
            "templateVariables": [],
            "rawTemplateVariables": [],
            "validationSeverity": "critical"
          },
          "conditionEvaluationResult": {
            "conditionEvaluation": "APPLICABLE"
          },
          "overrideInfo": {
            "isOverridable": false
          },
          "ruleEvaluationStatus": "APPLIED"
        },
        {
          "ruleInfo": {
            "ruleName": "f-includes-in-string-assert-policyNumber",
            "context": "Policy",
            "targetPath": "policyNumber",
            "payloadType": "ASSERTION"
          },
          "payloadResult": {
            "success": true,
            "templateVariables": [],
            "rawTemplateVariables": [],
            "validationSeverity": "critical"
          },
          "conditionEvaluationResult": {
            "conditionEvaluation": "APPLICABLE"
          },
          "overrideInfo": {
            "isOverridable": false
          },
          "ruleEvaluationStatus": "APPLIED"
        },
        {
          "ruleInfo": {
            "ruleName": "f-starts-with-assert-policyNumber",
            "context": "Policy",
            "targetPath": "policyNumber",
            "payloadType": "ASSERTION"
          },
          "payloadResult": {
            "success": true,
            "templateVariables": [],
            "rawTemplateVariables": [],
            "validationSeverity": "critical"
          },
          "conditionEvaluationResult": {
            "conditionEvaluation": "APPLICABLE"
          },
          "overrideInfo": {
            "isOverridable": false
          },
          "ruleEvaluationStatus": "APPLIED"
        },
        {
          "ruleInfo": {
            "ruleName": "f-ends-with-between-assert-policyNumber",
            "context": "Policy",
            "targetPath": "policyNumber",
            "payloadType": "ASSERTION"
          },
          "payloadResult": {
            "success": true,
            "templateVariables": [],
            "rawTemplateVariables": [],
            "validationSeverity": "critical"
          },
          "conditionEvaluationResult": {
            "conditionEvaluation": "APPLICABLE"
          },
          "overrideInfo": {
            "isOverridable": false
          },
          "ruleEvaluationStatus": "APPLIED"
        },
        {
          "ruleInfo": {
            "ruleName": "f-lower-case-assert-policyNumber",
            "context": "Policy",
            "targetPath": "policyNumber",
            "payloadType": "ASSERTION"
          },
          "payloadResult": {
            "success": true,
            "templateVariables": [],
            "rawTemplateVariables": [],
            "validationSeverity": "critical"
          },
          "conditionEvaluationResult": {
            "conditionEvaluation": "APPLICABLE"
          },
          "overrideInfo": {
            "isOverridable": false
          },
          "ruleEvaluationStatus": "APPLIED"
        },
        {
          "ruleInfo": {
            "ruleName": "f-get-month-date-assert-policyNumber",
            "context": "Policy",
            "targetPath": "policyNumber",
            "payloadType": "ASSERTION"
          },
          "payloadResult": {
            "success": true,
            "templateVariables": [],
            "rawTemplateVariables": [],
            "validationSeverity": "critical"
          },
          "conditionEvaluationResult": {
            "conditionEvaluation": "APPLICABLE"
          },
          "overrideInfo": {
            "isOverridable": false
          },
          "ruleEvaluationStatus": "APPLIED"
        },
        {
          "ruleInfo": {
            "ruleName": "f-get-day-date-assert-policyNumber",
            "context": "Policy",
            "targetPath": "policyNumber",
            "payloadType": "ASSERTION"
          },
          "payloadResult": {
            "success": true,
            "templateVariables": [],
            "rawTemplateVariables": [],
            "validationSeverity": "critical"
          },
          "conditionEvaluationResult": {
            "conditionEvaluation": "APPLICABLE"
          },
          "overrideInfo": {
            "isOverridable": false
          },
          "ruleEvaluationStatus": "APPLIED"
        },
        {
          "ruleInfo": {
            "ruleName": "f-isBlank-assert-policyNumber",
            "context": "Policy",
            "targetPath": "policyNumber",
            "payloadType": "ASSERTION"
          },
          "payloadResult": {
            "success": true,
            "templateVariables": [],
            "rawTemplateVariables": [],
            "validationSeverity": "critical"
          },
          "conditionEvaluationResult": {
            "conditionEvaluation": "APPLICABLE"
          },
          "overrideInfo": {
            "isOverridable": false
          },
          "ruleEvaluationStatus": "APPLIED"
        },
        {
          "ruleInfo": {
            "ruleName": "f-get-year-date-assert-policyNumber",
            "context": "Policy",
            "targetPath": "policyNumber",
            "payloadType": "ASSERTION"
          },
          "payloadResult": {
            "success": true,
            "templateVariables": [],
            "rawTemplateVariables": [],
            "validationSeverity": "critical"
          },
          "conditionEvaluationResult": {
            "conditionEvaluation": "APPLICABLE"
          },
          "overrideInfo": {
            "isOverridable": false
          },
          "ruleEvaluationStatus": "APPLIED"
        },
        {
          "ruleInfo": {
            "ruleName": "f-date-months-between-assert-policyNumber",
            "context": "Policy",
            "targetPath": "policyNumber",
            "payloadType": "ASSERTION"
          },
          "payloadResult": {
            "success": true,
            "templateVariables": [],
            "rawTemplateVariables": [],
            "validationSeverity": "critical"
          },
          "conditionEvaluationResult": {
            "conditionEvaluation": "APPLICABLE"
          },
          "overrideInfo": {
            "isOverridable": false
          },
          "ruleEvaluationStatus": "APPLIED"
        },
        {
          "ruleInfo": {
            "ruleName": "f-length-assert-policyNumber",
            "context": "Policy",
            "targetPath": "policyNumber",
            "payloadType": "ASSERTION"
          },
          "payloadResult": {
            "success": true,
            "templateVariables": [],
            "rawTemplateVariables": [],
            "validationSeverity": "critical"
          },
          "conditionEvaluationResult": {
            "conditionEvaluation": "APPLICABLE"
          },
          "overrideInfo": {
            "isOverridable": false
          },
          "ruleEvaluationStatus": "APPLIED"
        },
        {
          "ruleInfo": {
            "ruleName": "f-number-to-string-assert-policyNumber",
            "context": "Policy",
            "targetPath": "policyNumber",
            "payloadType": "ASSERTION"
          },
          "payloadResult": {
            "success": true,
            "templateVariables": [],
            "rawTemplateVariables": [],
            "validationSeverity": "critical"
          },
          "conditionEvaluationResult": {
            "conditionEvaluation": "APPLICABLE"
          },
          "overrideInfo": {
            "isOverridable": false
          },
          "ruleEvaluationStatus": "APPLIED"
        },
        {
          "ruleInfo": {
            "ruleName": "f-any-assert-policyNumber",
            "context": "Policy",
            "targetPath": "policyNumber",
            "payloadType": "ASSERTION"
          },
          "payloadResult": {
            "success": true,
            "templateVariables": [],
            "rawTemplateVariables": [],
            "validationSeverity": "critical"
          },
          "conditionEvaluationResult": {
            "conditionEvaluation": "APPLICABLE"
          },
          "overrideInfo": {
            "isOverridable": false
          },
          "ruleEvaluationStatus": "APPLIED"
        },
        {
          "ruleInfo": {
            "ruleName": "f-isEmpty-assert-policyNumber",
            "context": "Policy",
            "targetPath": "policyNumber",
            "payloadType": "ASSERTION"
          },
          "payloadResult": {
            "success": true,
            "templateVariables": [],
            "rawTemplateVariables": [],
            "validationSeverity": "critical"
          },
          "conditionEvaluationResult": {
            "conditionEvaluation": "APPLICABLE"
          },
          "overrideInfo": {
            "isOverridable": false
          },
          "ruleEvaluationStatus": "APPLIED"
        },
        {
          "ruleInfo": {
            "ruleName": "f-numberSequence-assert-policyNumber",
            "context": "Policy",
            "targetPath": "policyNumber",
            "payloadType": "ASSERTION"
          },
          "payloadResult": {
            "success": true,
            "templateVariables": [],
            "rawTemplateVariables": [],
            "validationSeverity": "critical"
          },
          "conditionEvaluationResult": {
            "conditionEvaluation": "APPLICABLE"
          },
          "overrideInfo": {
            "isOverridable": false
          },
          "ruleEvaluationStatus": "APPLIED"
        }
      ]
    }
  }
]